=== lrcal web start Thu Sep 24 03:11:45 +03 2026
RUN {'regime': 'web', 'd': 128, 'L': 2, 'lr': 0.001, 'D': '50e6', 'tag': 'lrcal', 'evals': 'edu,web,wiki'}
  -> D=50M  L_edu=4.8294  L_web=4.8019  L_wiki=5.7258  (184s)
RUN {'regime': 'web', 'd': 128, 'L': 2, 'lr': 0.002, 'D': '50e6', 'tag': 'lrcal', 'evals': 'edu,web,wiki'}
  -> D=50M  L_edu=4.7424  L_web=4.7205  L_wiki=5.6271  (163s)
RUN {'regime': 'web', 'd': 128, 'L': 2, 'lr': 0.004, 'D': '50e6', 'tag': 'lrcal', 'evals': 'edu,web,wiki'}
  -> D=50M  L_edu=4.6906  L_web=4.6745  L_wiki=5.6008  (162s)
RUN {'regime': 'web', 'd': 128, 'L': 2, 'lr': 0.008, 'D': '50e6', 'tag': 'lrcal', 'evals': 'edu,web,wiki'}
  -> D=50M  L_edu=4.6674  L_web=4.6504  L_wiki=5.5371  (162s)
RUN {'regime': 'web', 'd': 320, 'L': 5, 'lr': 0.001, 'D': '50e6', 'tag': 'lrcal', 'evals': 'edu,web,wiki'}
  -> D=50M  L_edu=4.0638  L_web=4.0680  L_wiki=4.6402  (506s)
RUN {'regime': 'web', 'd': 320, 'L': 5, 'lr': 0.002, 'D': '50e6', 'tag': 'lrcal', 'evals': 'edu,web,wiki'}
  -> D=50M  L_edu=4.0243  L_web=4.0296  L_wiki=4.6196  (525s)
RUN {'regime': 'web', 'd': 320, 'L': 5, 'lr': 0.004, 'D': '50e6', 'tag': 'lrcal', 'evals': 'edu,web,wiki'}
  -> D=50M  L_edu=4.0373  L_web=4.0412  L_wiki=4.6519  (539s)
RUN {'regime': 'web', 'd': 320, 'L': 5, 'lr': 0.008, 'D': '50e6', 'tag': 'lrcal', 'evals': 'edu,web,wiki'}
  -> D=50M  L_edu=4.0881  L_web=4.0903  L_wiki=4.6843  (540s)
RUN {'regime': 'web', 'd': 512, 'L': 8, 'lr': 0.001, 'D': '50e6', 'tag': 'lrcal', 'evals': 'edu,web,wiki'}
  -> D=50M  L_edu=3.8825  L_web=3.8906  L_wiki=4.4190  (1226s)
RUN {'regime': 'web', 'd': 512, 'L': 8, 'lr': 0.002, 'D': '50e6', 'tag': 'lrcal', 'evals': 'edu,web,wiki'}
  -> D=50M  L_edu=3.9012  L_web=3.9092  L_wiki=4.4364  (1227s)
RUN {'regime': 'web', 'd': 512, 'L': 8, 'lr': 0.004, 'D': '50e6', 'tag': 'lrcal', 'evals': 'edu,web,wiki'}
  -> D=50M  L_edu=4.0100  L_web=4.0124  L_wiki=4.5522  (1224s)
RUN {'regime': 'web', 'd': 512, 'L': 8, 'lr': 0.008, 'D': '50e6', 'tag': 'lrcal', 'evals': 'edu,web,wiki'}
  -> D=50M  L_edu=4.5832  L_web=4.5555  L_wiki=5.4050  (1203s)
=== lrcal web end Thu Sep 24 05:19:36 +03 2026
=== lrcorner edu start Thu Sep 24 05:19:36 +03 2026
RUN {'regime': 'edu', 'd': 128, 'L': 2, 'lr': 0.002861, 'D': '25e6,50e6,100e6,200e6,400e6,800e6', 'tag': 'lrcorner', 'evals': 'edu,web,wiki'}
  -> D=25M  L_edu=4.6958  L_web=4.9925  L_wiki=5.7507  (95s)
  -> D=50M  L_edu=4.5321  L_web=4.8521  L_wiki=5.5736  (206s)
  -> D=100M  L_edu=4.4254  L_web=4.7562  L_wiki=5.5076  (425s)
  -> D=200M  L_edu=4.3435  L_web=4.6845  L_wiki=5.3998  (851s)
  -> D=400M  L_edu=4.1696  L_web=4.4855  L_wiki=5.0275  (1681s)
  -> D=800M  L_edu=4.1195  L_web=4.4376  L_wiki=4.9425  (3418s)
RUN {'regime': 'edu', 'd': 640, 'L': 10, 'lr': 0.000672, 'D': '25e6,50e6', 'tag': 'lrcorner', 'evals': 'edu,web,wiki'}
  -> D=25M  L_edu=3.9384  L_web=4.2651  L_wiki=4.7060  (1062s)
  -> D=50M  L_edu=3.6599  L_web=4.0100  L_wiki=4.3525  (2328s)
RUN {'regime': 'edu', 'd': 128, 'L': 2, 'lr': 0.011444, 'D': '25e6,50e6,100e6,200e6,400e6,800e6', 'tag': 'lrcorner', 'evals': 'edu,web,wiki'}
  -> D=25M  L_edu=4.6565  L_web=4.9620  L_wiki=5.6803  (97s)
  -> D=50M  L_edu=4.5090  L_web=4.8330  L_wiki=5.5044  (210s)
  -> D=100M  L_edu=4.4156  L_web=4.7469  L_wiki=5.4582  (431s)
  -> D=200M  L_edu=4.2812  L_web=4.6095  L_wiki=5.2156  (871s)
  -> D=400M  L_edu=4.1559  L_web=4.4685  L_wiki=4.9411  (1742s)
  -> D=800M  L_edu=4.1287  L_web=4.4407  L_wiki=4.9061  (3486s)
RUN {'regime': 'edu', 'd': 640, 'L': 10, 'lr': 0.00269, 'D': '25e6,50e6', 'tag': 'lrcorner', 'evals': 'edu,web,wiki'}
  -> D=25M  L_edu=4.3247  L_web=4.6407  L_wiki=5.2267  (1059s)
  -> D=50M  L_edu=3.8367  L_web=4.1793  L_wiki=4.5563  (5801s)
=== lrcorner edu end Thu Sep 24 09:30:14 +03 2026
=== lrcorner web start Thu Sep 24 09:30:14 +03 2026
RUN {'regime': 'web', 'd': 128, 'L': 2, 'lr': 0.002861, 'D': '25e6,50e6,100e6,200e6,400e6,800e6', 'tag': 'lrcorner', 'evals': 'edu,web,wiki'}
  -> D=25M  L_edu=4.8784  L_web=4.8470  L_wiki=5.7892  (79s)
  -> D=50M  L_edu=4.7132  L_web=4.6953  L_wiki=5.6303  (2513s)
  -> D=100M  L_edu=4.5948  L_web=4.5839  L_wiki=5.4854  (12499s)
=== lrcorner web start Thu Sep 24 15:37:11 +03 2026
RUN {'regime': 'web', 'd': 128, 'L': 2, 'lr': 0.002861, 'D': '25e6,50e6,100e6,200e6,400e6,800e6', 'tag': 'lrcorner', 'evals': 'edu,web,wiki'}
  -> D=200M  L_edu=4.3835  L_web=4.3826  L_wiki=5.1159  (454s)
  -> D=400M  L_edu=4.3063  L_web=4.3096  L_wiki=4.9922  (992s)
  -> D=800M  L_edu=4.2699  L_web=4.2728  L_wiki=4.9366  (2075s)
RUN {'regime': 'web', 'd': 640, 'L': 10, 'lr': 0.000672, 'D': '25e6,50e6', 'tag': 'lrcorner', 'evals': 'edu,web,wiki'}
  -> D=25M  L_edu=4.1220  L_web=4.1178  L_wiki=4.7098  (630s)
  -> D=50M  L_edu=3.8409  L_web=3.8512  L_wiki=4.3596  (1406s)
RUN {'regime': 'web', 'd': 128, 'L': 2, 'lr': 0.011444, 'D': '25e6,50e6,100e6,200e6,400e6,800e6', 'tag': 'lrcorner', 'evals': 'edu,web,wiki'}
  -> D=25M  L_edu=4.8184  L_web=4.7902  L_wiki=5.7047  (59s)
  -> D=50M  L_edu=4.6724  L_web=4.6549  L_wiki=5.5661  (130s)
  -> D=100M  L_edu=4.4490  L_web=4.4446  L_wiki=5.1611  (268s)
  -> D=200M  L_edu=4.3502  L_web=4.3502  L_wiki=5.0012  (540s)
  -> D=400M  L_edu=4.3067  L_web=4.3087  L_wiki=4.9547  (1067s)
  -> D=800M  L_edu=4.2801  L_web=4.2846  L_wiki=4.9139  (2134s)
RUN {'regime': 'web', 'd': 640, 'L': 10, 'lr': 0.00269, 'D': '25e6,50e6', 'tag': 'lrcorner', 'evals': 'edu,web,wiki'}
  -> D=25M  L_edu=4.5290  L_web=4.5076  L_wiki=5.3427  (610s)
  -> D=50M  L_edu=4.0047  L_web=4.0073  L_wiki=4.5506  (1341s)
=== lrcorner web end Thu Sep 24 17:33:09 +03 2026
=== hiM edu start Thu Sep 24 17:33:09 +03 2026
RUN {'regime': 'edu', 'd': 128, 'L': 4, 'lr': 0.005722, 'D': '200e6,800e6,1600e6,3200e6', 'tag': 'hiM', 'evals': 'edu,web,wiki', 'ext': 1}
  -> D=200M  L_edu=4.0401  L_web=4.3611  L_wiki=4.8094  (684s)
  -> D=800M  L_edu=3.9475  L_web=4.2738  L_wiki=4.7099  (2574s)
  -> D=1600M  L_edu=3.9192  L_web=4.2488  L_wiki=4.6946  (5522s)
  -> D=3200M  L_edu=3.9008  L_web=4.2322  L_wiki=4.6519  (11689s)
RUN {'regime': 'edu', 'd': 256, 'L': 4, 'lr': 0.003067, 'D': '200e6,800e6,1600e6,3200e6', 'tag': 'hiM', 'evals': 'edu,web,wiki', 'ext': 1}
  -> D=200M  L_edu=3.7238  L_web=4.0727  L_wiki=4.4519  (998s)
  -> D=800M  L_edu=3.5904  L_web=3.9492  L_wiki=4.2858  (4222s)
  -> D=1600M  L_edu=3.5460  L_web=3.9086  L_wiki=4.2371  (9179s)
  -> D=3200M  L_edu=3.5173  L_web=3.8835  L_wiki=4.2073  (19019s)
=== hiM edu end Fri Sep 25 02:04:57 +03 2026
=== hiM web start Fri Sep 25 02:04:57 +03 2026
RUN {'regime': 'web', 'd': 128, 'L': 4, 'lr': 0.005722, 'D': '200e6,800e6,1600e6,3200e6', 'tag': 'hiM', 'evals': 'edu,web,wiki,c4,pg19', 'ext': 1}
  -> D=200M  L_edu=4.2033  L_web=4.2064  L_wiki=4.8062  L_c4=4.1761  L_pg19=4.1340  (737s)
  -> D=800M  L_edu=4.1050  L_web=4.1126  L_wiki=4.6942  L_c4=4.0933  L_pg19=4.1981  (3113s)
=== RESTART after reboot 03:17, Fri Sep 25 10:07:38 +03 2026
=== lrcorner web start Fri Sep 25 10:07:38 +03 2026
RUN {'regime': 'web', 'd': 128, 'L': 2, 'lr': 0.002861, 'D': '25e6,50e6,100e6,200e6,400e6,800e6', 'tag': 'lrcorner', 'evals': 'edu,web,wiki'}
all done {'regime': 'web', 'L': 2, 'd': 128, 'lr': 0.002861, 'seed': 0, 'batch': 64, 'tag': 'lrcorner'}
RUN {'regime': 'web', 'd': 640, 'L': 10, 'lr': 0.000672, 'D': '25e6,50e6', 'tag': 'lrcorner', 'evals': 'edu,web,wiki'}
all done {'regime': 'web', 'L': 10, 'd': 640, 'lr': 0.000672, 'seed': 0, 'batch': 64, 'tag': 'lrcorner'}
RUN {'regime': 'web', 'd': 128, 'L': 2, 'lr': 0.011444, 'D': '25e6,50e6,100e6,200e6,400e6,800e6', 'tag': 'lrcorner', 'evals': 'edu,web,wiki'}
all done {'regime': 'web', 'L': 2, 'd': 128, 'lr': 0.011444, 'seed': 0, 'batch': 64, 'tag': 'lrcorner'}
RUN {'regime': 'web', 'd': 640, 'L': 10, 'lr': 0.00269, 'D': '25e6,50e6', 'tag': 'lrcorner', 'evals': 'edu,web,wiki'}
all done {'regime': 'web', 'L': 10, 'd': 640, 'lr': 0.00269, 'seed': 0, 'batch': 64, 'tag': 'lrcorner'}
=== lrcorner web end Fri Sep 25 10:07:38 +03 2026
=== hiM edu start Fri Sep 25 10:07:38 +03 2026
RUN {'regime': 'edu', 'd': 128, 'L': 4, 'lr': 0.005722, 'D': '200e6,800e6,1600e6,3200e6', 'tag': 'hiM', 'evals': 'edu,web,wiki,c4,pg19', 'ext': 1}
all done {'regime': 'edu', 'L': 4, 'd': 128, 'lr': 0.005722, 'seed': 0, 'batch': 64, 'tag': 'hiM'}
RUN {'regime': 'edu', 'd': 256, 'L': 4, 'lr': 0.003067, 'D': '200e6,800e6,1600e6,3200e6', 'tag': 'hiM', 'evals': 'edu,web,wiki,c4,pg19', 'ext': 1}
all done {'regime': 'edu', 'L': 4, 'd': 256, 'lr': 0.003067, 'seed': 0, 'batch': 64, 'tag': 'hiM'}
=== hiM edu end Fri Sep 25 10:07:38 +03 2026
=== hiM web start Fri Sep 25 10:07:38 +03 2026
RUN {'regime': 'web', 'd': 128, 'L': 4, 'lr': 0.005722, 'D': '200e6,800e6,1600e6,3200e6', 'tag': 'hiM', 'evals': 'edu,web,wiki,c4,pg19', 'ext': 1}
=== hiMlr edu start Fri Sep 25 10:07:40 +03 2026
RUN {'regime': 'edu', 'd': 128, 'L': 4, 'lr': 0.002861, 'D': '200e6,800e6,1600e6', 'tag': 'hiMlr', 'evals': 'edu,web,wiki,c4,pg19', 'ext': 1}
  -> D=200M  L_edu=4.0437  L_web=4.3680  L_wiki=4.8321  L_c4=4.3353  L_pg19=4.1577  (949s)
  -> D=800M  L_edu=3.9413  L_web=4.2702  L_wiki=4.7086  L_c4=4.2398  L_pg19=4.1179  (4000s)
  -> D=1600M  L_edu=4.0761  L_web=4.0847  L_wiki=4.6712  L_c4=4.0649  L_pg19=4.0833  (8360s)
  -> D=1600M  L_edu=3.9111  L_web=4.2408  L_wiki=4.6806  L_c4=4.2149  L_pg19=4.1079  (9772s)
RUN {'regime': 'edu', 'd': 128, 'L': 4, 'lr': 0.011444, 'D': '200e6,800e6,1600e6', 'tag': 'hiMlr', 'evals': 'edu,web,wiki,c4,pg19', 'ext': 1}
  -> D=200M  L_edu=4.0649  L_web=4.3830  L_wiki=4.8546  L_c4=4.3523  L_pg19=4.2538  (1280s)
  -> D=800M  L_edu=3.9753  L_web=4.3013  L_wiki=4.7294  L_c4=4.2722  L_pg19=4.1699  (5418s)
  -> D=3200M  L_edu=4.0552  L_web=4.0643  L_wiki=4.6356  L_c4=4.0426  L_pg19=4.1276  (20834s)
=== hiM web end Fri Sep 25 15:54:54 +03 2026
=== seedcorner edu start Fri Sep 25 15:54:54 +03 2026
RUN {'regime': 'edu', 'd': 128, 'L': 2, 'lr': 0.005722, 'D': '200e6,400e6,800e6', 'tag': 'seedcorner', 'seed': 1, 'data_seed': 1, 'evals': 'edu,web,wiki,c4,pg19'}
  -> D=1600M  L_edu=3.9481  L_web=4.2760  L_wiki=4.7181  L_c4=4.2489  L_pg19=4.1159  (11762s)
=== hiMlr edu end Fri Sep 25 16:06:37 +03 2026
=== hiMwd edu start Fri Sep 25 16:06:37 +03 2026
RUN {'regime': 'edu', 'd': 128, 'L': 4, 'lr': 0.005722, 'D': '200e6,800e6,1600e6', 'tag': 'hiMwd', 'wd': 0.003125, 'evals': 'edu,web,wiki,c4,pg19', 'ext': 1}
  -> D=200M  L_edu=4.2365  L_web=4.5557  L_wiki=5.1032  L_c4=4.5305  L_pg19=4.3752  (956s)
  -> D=200M  L_edu=4.0317  L_web=4.3584  L_wiki=4.8335  L_c4=4.3290  L_pg19=4.1578  (1314s)
  -> D=400M  L_edu=4.1479  L_web=4.4651  L_wiki=4.9673  L_c4=4.4314  L_pg19=4.3372  (2085s)
  -> D=800M  L_edu=4.1161  L_web=4.4330  L_wiki=4.9203  L_c4=4.4100  L_pg19=4.3102  (3903s)
=== seedcorner edu end Fri Sep 25 16:59:58 +03 2026
=== seedcorner web start Fri Sep 25 16:59:58 +03 2026
RUN {'regime': 'web', 'd': 128, 'L': 2, 'lr': 0.005722, 'D': '200e6,400e6,800e6', 'tag': 'seedcorner', 'seed': 1, 'data_seed': 1, 'evals': 'edu,web,wiki,c4,pg19'}
  -> D=200M  L_edu=4.3714  L_web=4.3708  L_wiki=5.0901  L_c4=4.3565  L_pg19=4.3295  (728s)
  -> D=800M  L_edu=3.9318  L_web=4.2688  L_wiki=4.7126  L_c4=4.2386  L_pg19=4.1096  (4589s)
  -> D=400M  L_edu=4.3000  L_web=4.3043  L_wiki=4.9730  L_c4=4.2719  L_pg19=4.2993  (1561s)
  -> D=800M  L_edu=4.2684  L_web=4.2717  L_wiki=4.9338  L_c4=4.2469  L_pg19=4.2485  (3216s)
=== seedcorner web end Fri Sep 25 17:53:34 +03 2026
=== seeds web start Fri Sep 25 17:53:34 +03 2026
RUN {'regime': 'web', 'd': 128, 'L': 2, 'lr': 0.005722, 'D': '50e6,100e6,200e6', 'tag': 'seeds', 'seed': 1, 'data_seed': 1, 'evals': 'edu,web,wiki,c4,pg19'}
  -> D=50M  L_edu=4.6842  L_web=4.6635  L_wiki=5.5499  L_c4=4.6835  L_pg19=4.7025  (177s)
  -> D=100M  L_edu=4.5779  L_web=4.5673  L_wiki=5.4157  L_c4=4.5780  L_pg19=4.5688  (393s)
  -> D=200M  L_edu=4.3714  L_web=4.3708  L_wiki=5.0901  L_c4=4.3565  L_pg19=4.3295  (815s)
RUN {'regime': 'web', 'd': 128, 'L': 2, 'lr': 0.005722, 'D': '50e6,100e6,200e6', 'tag': 'seeds', 'seed': 2, 'data_seed': 2, 'evals': 'edu,web,wiki,c4,pg19'}
  -> D=50M  L_edu=4.6854  L_web=4.6684  L_wiki=5.5863  L_c4=4.6595  L_pg19=4.6777  (177s)
  -> D=100M  L_edu=4.5752  L_web=4.5652  L_wiki=5.4389  L_c4=4.5759  L_pg19=4.5611  (394s)
  -> D=200M  L_edu=4.3595  L_web=4.3596  L_wiki=5.0469  L_c4=4.3244  L_pg19=4.3162  (815s)
RUN {'regime': 'web', 'd': 256, 'L': 4, 'lr': 0.003067, 'D': '50e6,100e6,200e6', 'tag': 'seeds', 'seed': 1, 'data_seed': 1, 'evals': 'edu,web,wiki,c4,pg19'}
  -> D=50M  L_edu=4.1191  L_web=4.1222  L_wiki=4.7337  L_c4=4.1172  L_pg19=4.0707  (367s)
  -> D=100M  L_edu=3.9820  L_web=3.9918  L_wiki=4.5786  L_c4=3.9778  L_pg19=4.0236  (818s)
  -> D=1600M  L_edu=3.8968  L_web=4.2385  L_wiki=4.6677  L_c4=4.2069  L_pg19=4.1462  (9222s)
=== hiMwd edu end Fri Sep 25 18:40:19 +03 2026
QUEUE C DONE Fri Sep 25 18:40:19 +03 2026
  -> D=200M  L_edu=3.8860  L_web=3.9000  L_wiki=4.4796  L_c4=3.8759  L_pg19=3.9453  (1706s)
RUN {'regime': 'web', 'd': 256, 'L': 4, 'lr': 0.003067, 'D': '50e6,100e6,200e6', 'tag': 'seeds', 'seed': 2, 'data_seed': 2, 'evals': 'edu,web,wiki,c4,pg19'}
  -> D=50M  L_edu=4.1247  L_web=4.1266  L_wiki=4.7376  L_c4=4.1098  L_pg19=4.1127  (396s)
  -> D=100M  L_edu=3.9879  L_web=3.9983  L_wiki=4.5935  L_c4=3.9933  L_pg19=3.9701  (720s)
