lrsweep finished Wed Sep 23 20:44:19 +03 2026
d=128: 1e-03->4.6606, 2e-03->4.5636, 4e-03->4.5042, 8e-03->4.5081  => lr*=5.75e-03
d=320: 1e-03->3.8957, 2e-03->3.8635, 4e-03->3.8659, 8e-03->3.9249  => lr*=2.47e-03
d=512: 1e-03->3.7025, 2e-03->3.7159, 4e-03->3.8168, 8e-03->4.4101  => lr*=1.66e-03
fit: {'c': 0.003066988122022373, 'p': -0.8997049359428256, 'per_width': {'128': 0.005754786175141062, '320': 0.0024672320068247883, '512': 0.0016622895818632787}}
128 5.72e-03
192 3.97e-03
256 3.07e-03
320 2.51e-03
384 2.13e-03
448 1.85e-03
512 1.64e-03
640 1.34e-03
=== main edu start Wed Sep 23 20:44:19 +03 2026
RUN {'regime': 'edu', 'd': 128, 'L': 2, 'lr': 0.005722, 'D': '25000000,50000000,100000000,200000000,400000000,800000000', 'tag': 'main'}
  -> D=25M  L_edu=4.6538  L_web=4.9559  (43s)
  -> D=50M  L_edu=4.5067  L_web=4.8279  (90s)
  -> D=100M  L_edu=4.4069  L_web=4.7391  (199s)
  -> D=200M  L_edu=4.2494  L_web=4.5694  (405s)
  -> D=400M  L_edu=4.1518  L_web=4.4633  (772s)
  -> D=800M  L_edu=4.1174  L_web=4.4309  (1521s)
RUN {'regime': 'edu', 'd': 192, 'L': 3, 'lr': 0.003973, 'D': '25000000,50000000,100000000,200000000,400000000,800000000', 'tag': 'main'}
  -> D=25M  L_edu=4.3199  L_web=4.6267  (57s)
  -> D=50M  L_edu=4.1149  L_web=4.4357  (127s)
  -> D=100M  L_edu=3.9889  L_web=4.3190  (264s)
  -> D=200M  L_edu=3.9065  L_web=4.2439  (577s)
  -> D=400M  L_edu=3.8417  L_web=4.1820  (1115s)
  -> D=800M  L_edu=3.7924  L_web=4.1364  (2167s)
RUN {'regime': 'edu', 'd': 256, 'L': 4, 'lr': 0.003067, 'D': '25000000,50000000,100000000,200000000,400000000,800000000', 'tag': 'main'}
  -> D=25M  L_edu=4.1475  L_web=4.4553  (81s)
  -> D=50M  L_edu=3.9525  L_web=4.2803  (184s)
  -> D=100M  L_edu=3.8188  L_web=4.1582  (382s)
  -> D=200M  L_edu=3.7238  L_web=4.0727  (771s)
  -> D=400M  L_edu=3.6487  L_web=4.0034  (1618s)
  -> D=800M  L_edu=3.5893  L_web=3.9496  (3312s)
RUN {'regime': 'edu', 'd': 320, 'L': 5, 'lr': 0.002509, 'D': '25000000,50000000,100000000,200000000,400000000,800000000', 'tag': 'main'}
  -> D=25M  L_edu=4.0799  L_web=4.3982  (136s)
  -> D=50M  L_edu=3.8643  L_web=4.2032  (308s)
  -> D=100M  L_edu=3.7098  L_web=4.0613  (619s)
  -> D=200M  L_edu=3.5938  L_web=3.9565  (1250s)
  -> D=400M  L_edu=3.5033  L_web=3.8708  (2535s)
  -> D=800M  L_edu=3.4350  L_web=3.8083  (5078s)
RUN {'regime': 'edu', 'd': 384, 'L': 6, 'lr': 0.00213, 'D': '25000000,50000000,100000000,200000000,400000000,800000000', 'tag': 'main'}
  -> D=25M  L_edu=4.0378  L_web=4.3590  (179s)
  -> D=50M  L_edu=3.8059  L_web=4.1479  (394s)
  -> D=100M  L_edu=3.6317  L_web=3.9877  (788s)
  -> D=200M  L_edu=3.4999  L_web=3.8678  (1560s)
  -> D=400M  L_edu=3.4012  L_web=3.7748  (3149s)
  -> D=800M  L_edu=3.3250  L_web=3.7066  (6302s)
RUN {'regime': 'edu', 'd': 448, 'L': 7, 'lr': 0.001854, 'D': '25000000,50000000,100000000,200000000,400000000', 'tag': 'main'}
  -> D=25M  L_edu=3.9926  L_web=4.3157  (243s)
  -> D=50M  L_edu=3.7472  L_web=4.0938  (535s)
  -> D=100M  L_edu=3.5631  L_web=3.9240  (1110s)
  -> D=200M  L_edu=3.4252  L_web=3.7979  (2223s)
  -> D=400M  L_edu=3.3180  L_web=3.6974  (4374s)
RUN {'regime': 'edu', 'd': 512, 'L': 8, 'lr': 0.001644, 'D': '25000000,50000000,100000000,200000000,400000000', 'tag': 'main'}
  -> D=25M  L_edu=3.9645  L_web=4.2889  (293s)
  -> D=50M  L_edu=3.7096  L_web=4.0576  (743s)
  -> D=100M  L_edu=3.5177  L_web=3.8812  (2018s)
  -> D=200M  L_edu=3.3708  L_web=3.7473  (4805s)
  -> D=400M  L_edu=3.2553  L_web=3.6392  (10221s)
RUN {'regime': 'edu', 'd': 640, 'L': 10, 'lr': 0.001345, 'D': '25000000,50000000,100000000,200000000', 'tag': 'main'}
  -> D=25M  L_edu=3.9597  L_web=4.2859  (890s)
  -> D=50M  L_edu=3.6677  L_web=4.0187  (2052s)
  -> D=100M  L_edu=3.4517  L_web=3.8199  (4418s)
  -> D=200M  L_edu=3.2854  L_web=3.6676  (12552s)
=== main edu end Thu Sep 24 09:23:11 +03 2026
=== main web start Thu Sep 24 09:23:11 +03 2026
RUN {'regime': 'web', 'd': 128, 'L': 2, 'lr': 0.005722, 'D': '25000000,50000000,100000000,200000000,400000000,800000000', 'tag': 'main'}
  -> D=25M  L_edu=4.8231  L_web=4.7961  (89s)
  -> D=50M  L_edu=4.6781  L_web=4.6616  (199s)
  -> D=100M  L_edu=4.5762  L_web=4.5662  (406s)
  -> D=200M  L_edu=4.3700  L_web=4.3720  (12925s)
=== main web start Thu Sep 24 15:37:11 +03 2026
RUN {'regime': 'web', 'd': 128, 'L': 2, 'lr': 0.005722, 'D': '25000000,50000000,100000000,200000000,400000000,800000000', 'tag': 'main'}
  -> D=400M  L_edu=4.3005  L_web=4.3051  (899s)
  -> D=800M  L_edu=4.2674  L_web=4.2733  (1983s)
RUN {'regime': 'web', 'd': 192, 'L': 3, 'lr': 0.003973, 'D': '25000000,50000000,100000000,200000000,400000000,800000000', 'tag': 'main'}
  -> D=25M  L_edu=4.6117  L_web=4.5926  (88s)
  -> D=50M  L_edu=4.2813  L_web=4.2839  (210s)
  -> D=100M  L_edu=4.1441  L_web=4.1517  (460s)
  -> D=200M  L_edu=4.0593  L_web=4.0697  (968s)
  -> D=400M  L_edu=3.9977  L_web=4.0109  (1898s)
  -> D=800M  L_edu=3.9512  L_web=3.9657  (3537s)
RUN {'regime': 'web', 'd': 256, 'L': 4, 'lr': 0.003067, 'D': '25000000,50000000,100000000,200000000,400000000,800000000', 'tag': 'main'}
  -> D=25M  L_edu=4.3270  L_web=4.3174  (123s)
  -> D=50M  L_edu=4.1247  L_web=4.1260  (290s)
  -> D=100M  L_edu=3.9857  L_web=3.9958  (619s)
  -> D=200M  L_edu=3.8880  L_web=3.9015  (1277s)
  -> D=400M  L_edu=3.8130  L_web=3.8317  (2366s)
  -> D=800M  L_edu=3.7580  L_web=3.7780  (4355s)
RUN {'regime': 'web', 'd': 320, 'L': 5, 'lr': 0.002509, 'D': '25000000,50000000,100000000,200000000,400000000,800000000', 'tag': 'main'}
  -> D=25M  L_edu=4.2287  L_web=4.2256  (153s)
  -> D=50M  L_edu=4.0186  L_web=4.0252  (342s)
  -> D=100M  L_edu=3.8651  L_web=3.8797  (715s)
  -> D=200M  L_edu=3.7527  L_web=3.7728  (1457s)
  -> D=400M  L_edu=3.6674  L_web=3.6923  (2943s)
  -> D=800M  L_edu=3.6033  L_web=3.6294  (5895s)
RUN {'regime': 'web', 'd': 384, 'L': 6, 'lr': 0.00213, 'D': '25000000,50000000,100000000,200000000,400000000,800000000', 'tag': 'main'}
  -> D=25M  L_edu=4.2104  L_web=4.2062  (210s)
  -> D=50M  L_edu=3.9822  L_web=3.9875  (459s)
  -> D=100M  L_edu=3.8098  L_web=3.8251  (964s)
  -> D=200M  L_edu=3.6803  L_web=3.7007  (1960s)
  -> D=400M  L_edu=3.5795  L_web=3.6038  (4055s)
  -> D=800M  L_edu=3.4987  L_web=3.5271  (8396s)
RUN {'regime': 'web', 'd': 448, 'L': 7, 'lr': 0.001854, 'D': '25000000,50000000,100000000,200000000,400000000', 'tag': 'main'}
  -> D=25M  L_edu=4.1689  L_web=4.1638  (311s)
  -> D=50M  L_edu=3.9230  L_web=3.9306  (692s)
  -> D=100M  L_edu=3.7351  L_web=3.7522  (1433s)
  -> D=200M  L_edu=3.5934  L_web=3.6169  (2902s)
  -> D=400M  L_edu=3.4846  L_web=3.5130  (5751s)
RUN {'regime': 'web', 'd': 512, 'L': 8, 'lr': 0.001644, 'D': '25000000,50000000,100000000,200000000,400000000', 'tag': 'main'}
  -> D=25M  L_edu=4.1390  L_web=4.1355  (379s)
  -> D=50M  L_edu=3.8818  L_web=3.8899  (842s)
  -> D=100M  L_edu=3.6871  L_web=3.7066  (1762s)
  -> D=200M  L_edu=3.5389  L_web=3.5637  (3559s)
  -> D=400M  L_edu=3.4251  L_web=3.4527  (7103s)
RUN {'regime': 'web', 'd': 640, 'L': 10, 'lr': 0.001345, 'D': '25000000,50000000,100000000,200000000', 'tag': 'main'}
  -> D=25M  L_edu=4.1451  L_web=4.1416  (611s)
  -> D=50M  L_edu=3.8497  L_web=3.8591  (1317s)
  -> D=100M  L_edu=3.6298  L_web=3.6511  (2700s)
=== RESTART after reboot 03:17, Fri Sep 25 10:07:38 +03 2026
=== main web start Fri Sep 25 10:07:38 +03 2026
RUN {'regime': 'web', 'd': 128, 'L': 2, 'lr': 0.005722, 'D': '25000000,50000000,100000000,200000000,400000000,800000000', 'tag': 'main', 'evals': 'edu,web,wiki,c4,pg19'}
all done {'regime': 'web', 'L': 2, 'd': 128, 'lr': 0.005722, 'seed': 0, 'batch': 64, 'tag': 'main'}
RUN {'regime': 'web', 'd': 192, 'L': 3, 'lr': 0.003973, 'D': '25000000,50000000,100000000,200000000,400000000,800000000', 'tag': 'main', 'evals': 'edu,web,wiki,c4,pg19'}
all done {'regime': 'web', 'L': 3, 'd': 192, 'lr': 0.003973, 'seed': 0, 'batch': 64, 'tag': 'main'}
RUN {'regime': 'web', 'd': 256, 'L': 4, 'lr': 0.003067, 'D': '25000000,50000000,100000000,200000000,400000000,800000000', 'tag': 'main', 'evals': 'edu,web,wiki,c4,pg19'}
all done {'regime': 'web', 'L': 4, 'd': 256, 'lr': 0.003067, 'seed': 0, 'batch': 64, 'tag': 'main'}
RUN {'regime': 'web', 'd': 320, 'L': 5, 'lr': 0.002509, 'D': '25000000,50000000,100000000,200000000,400000000,800000000', 'tag': 'main', 'evals': 'edu,web,wiki,c4,pg19'}
all done {'regime': 'web', 'L': 5, 'd': 320, 'lr': 0.002509, 'seed': 0, 'batch': 64, 'tag': 'main'}
RUN {'regime': 'web', 'd': 384, 'L': 6, 'lr': 0.00213, 'D': '25000000,50000000,100000000,200000000,400000000,800000000', 'tag': 'main', 'evals': 'edu,web,wiki,c4,pg19'}
all done {'regime': 'web', 'L': 6, 'd': 384, 'lr': 0.00213, 'seed': 0, 'batch': 64, 'tag': 'main'}
RUN {'regime': 'web', 'd': 448, 'L': 7, 'lr': 0.001854, 'D': '25000000,50000000,100000000,200000000,400000000', 'tag': 'main', 'evals': 'edu,web,wiki,c4,pg19'}
all done {'regime': 'web', 'L': 7, 'd': 448, 'lr': 0.001854, 'seed': 0, 'batch': 64, 'tag': 'main'}
RUN {'regime': 'web', 'd': 512, 'L': 8, 'lr': 0.001644, 'D': '25000000,50000000,100000000,200000000,400000000', 'tag': 'main', 'evals': 'edu,web,wiki,c4,pg19'}
all done {'regime': 'web', 'L': 8, 'd': 512, 'lr': 0.001644, 'seed': 0, 'batch': 64, 'tag': 'main'}
RUN {'regime': 'web', 'd': 640, 'L': 10, 'lr': 0.001345, 'D': '25000000,50000000,100000000,200000000', 'tag': 'main', 'evals': 'edu,web,wiki,c4,pg19'}
  -> D=200M  L_edu=3.4594  L_web=3.4860  L_wiki=3.9219  L_c4=3.4756  L_pg19=3.5237  (7914s)
=== main web end Fri Sep 25 12:19:35 +03 2026
=== seeds edu start Fri Sep 25 12:19:35 +03 2026
RUN {'regime': 'edu', 'd': 128, 'L': 2, 'lr': 0.005722, 'D': '50e6,100e6,200e6', 'tag': 'seeds', 'seed': 1, 'data_seed': 1, 'evals': 'edu,web'}
  -> D=50M  L_edu=4.5041  L_web=4.8260  (236s)
  -> D=100M  L_edu=4.4043  L_web=4.7392  (513s)
  -> D=200M  L_edu=4.2365  L_web=4.5557  (1059s)
RUN {'regime': 'edu', 'd': 128, 'L': 2, 'lr': 0.005722, 'D': '50e6,100e6,200e6', 'tag': 'seeds', 'seed': 2, 'data_seed': 2, 'evals': 'edu,web'}
  -> D=50M  L_edu=4.4942  L_web=4.8157  (230s)
  -> D=100M  L_edu=4.2928  L_web=4.6050  (507s)
  -> D=200M  L_edu=4.1954  L_web=4.5058  (1048s)
RUN {'regime': 'edu', 'd': 256, 'L': 4, 'lr': 0.003067, 'D': '50e6,100e6,200e6', 'tag': 'seeds', 'seed': 1, 'data_seed': 1, 'evals': 'edu,web'}
  -> D=50M  L_edu=3.9456  L_web=4.2771  (484s)
  -> D=100M  L_edu=3.8096  L_web=4.1521  (1066s)
  -> D=200M  L_edu=3.7130  L_web=4.0637  (2204s)
RUN {'regime': 'edu', 'd': 256, 'L': 4, 'lr': 0.003067, 'D': '50e6,100e6,200e6', 'tag': 'seeds', 'seed': 2, 'data_seed': 2, 'evals': 'edu,web'}
  -> D=50M  L_edu=3.9485  L_web=4.2783  (481s)
  -> D=100M  L_edu=3.8182  L_web=4.1594  (1083s)
  -> D=200M  L_edu=3.7239  L_web=4.0733  (2275s)
RUN {'regime': 'edu', 'd': 384, 'L': 6, 'lr': 0.00213, 'D': '50e6,100e6,200e6', 'tag': 'seeds', 'seed': 1, 'data_seed': 1, 'evals': 'edu,web'}
  -> D=50M  L_edu=3.7907  L_web=4.1345  (989s)
  -> D=100M  L_edu=3.6203  L_web=3.9783  (2170s)
  -> D=200M  L_edu=3.4935  L_web=3.8616  (4491s)
RUN {'regime': 'edu', 'd': 384, 'L': 6, 'lr': 0.00213, 'D': '50e6,100e6,200e6', 'tag': 'seeds', 'seed': 2, 'data_seed': 2, 'evals': 'edu,web'}
  -> D=50M  L_edu=3.7963  L_web=4.1405  (968s)
  -> D=100M  L_edu=3.6274  L_web=3.9845  (2134s)
  -> D=200M  L_edu=3.4993  L_web=3.8697  (4461s)
=== seeds edu end Fri Sep 25 16:38:41 +03 2026
QUEUE A DONE Fri Sep 25 16:38:41 +03 2026
