=== posthoc start Fri Sep 25 18:41:44 +03 2026
hiM_edu_d256_L4_lr0.003067_s0_ds0_D1600000000.safetensors: added ['c4', 'pg19']; max |diff| on recorded sets = 0.00e+00 (10s)
hiM_edu_d256_L4_lr0.003067_s0_ds0_D200000000.safetensors: added ['c4', 'pg19']; max |diff| on recorded sets = 0.00e+00 (10s)
hiM_edu_d256_L4_lr0.003067_s0_ds0_D3200000000.safetensors: added ['c4', 'pg19']; max |diff| on recorded sets = 0.00e+00 (10s)
hiM_edu_d256_L4_lr0.003067_s0_ds0_D800000000.safetensors: added ['c4', 'pg19']; max |diff| on recorded sets = 0.00e+00 (10s)
main_web_d320_L5_lr0.002509_s0_ds0_D100000000.safetensors: added ['wiki', 'c4', 'pg19']; max |diff| on recorded sets = 0.00e+00 (18s)
main_web_d320_L5_lr0.002509_s0_ds0_D200000000.safetensors: added ['wiki', 'c4', 'pg19']; max |diff| on recorded sets = 0.00e+00 (15s)
main_web_d320_L5_lr0.002509_s0_ds0_D25000000.safetensors: added ['wiki', 'c4', 'pg19']; max |diff| on recorded sets = 0.00e+00 (14s)
main_web_d320_L5_lr0.002509_s0_ds0_D400000000.safetensors: added ['wiki', 'c4', 'pg19']; max |diff| on recorded sets = 0.00e+00 (14s)
main_web_d320_L5_lr0.002509_s0_ds0_D50000000.safetensors: added ['wiki', 'c4', 'pg19']; max |diff| on recorded sets = 0.00e+00 (14s)
main_web_d320_L5_lr0.002509_s0_ds0_D800000000.safetensors: added ['wiki', 'c4', 'pg19']; max |diff| on recorded sets = 0.00e+00 (14s)
main_web_d384_L6_lr0.00213_s0_ds0_D100000000.safetensors: added ['wiki', 'c4', 'pg19']; max |diff| on recorded sets = 0.00e+00 (19s)
main_web_d384_L6_lr0.00213_s0_ds0_D200000000.safetensors: added ['wiki', 'c4', 'pg19']; max |diff| on recorded sets = 0.00e+00 (18s)
main_web_d384_L6_lr0.00213_s0_ds0_D25000000.safetensors: added ['wiki', 'c4', 'pg19']; max |diff| on recorded sets = 0.00e+00 (18s)
main_web_d384_L6_lr0.00213_s0_ds0_D400000000.safetensors: added ['wiki', 'c4', 'pg19']; max |diff| on recorded sets = 0.00e+00 (18s)
main_web_d384_L6_lr0.00213_s0_ds0_D50000000.safetensors: added ['wiki', 'c4', 'pg19']; max |diff| on recorded sets = 0.00e+00 (18s)
main_web_d384_L6_lr0.00213_s0_ds0_D800000000.safetensors: added ['wiki', 'c4', 'pg19']; max |diff| on recorded sets = 0.00e+00 (18s)
main_web_d448_L7_lr0.001854_s0_ds0_D100000000.safetensors: added ['wiki', 'c4', 'pg19']; max |diff| on recorded sets = 0.00e+00 (26s)
main_web_d448_L7_lr0.001854_s0_ds0_D200000000.safetensors: added ['wiki', 'c4', 'pg19']; max |diff| on recorded sets = 0.00e+00 (24s)
main_web_d448_L7_lr0.001854_s0_ds0_D400000000.safetensors: added ['wiki', 'c4', 'pg19']; max |diff| on recorded sets = 0.00e+00 (24s)
main_web_d448_L7_lr0.001854_s0_ds0_D50000000.safetensors: added ['wiki', 'c4', 'pg19']; max |diff| on recorded sets = 0.00e+00 (24s)
main_web_d512_L8_lr0.001644_s0_ds0_D100000000.safetensors: added ['wiki', 'c4', 'pg19']; max |diff| on recorded sets = 0.00e+00 (30s)
main_web_d512_L8_lr0.001644_s0_ds0_D200000000.safetensors: added ['wiki', 'c4', 'pg19']; max |diff| on recorded sets = 0.00e+00 (29s)
main_web_d512_L8_lr0.001644_s0_ds0_D25000000.safetensors: added ['wiki', 'c4', 'pg19']; max |diff| on recorded sets = 0.00e+00 (29s)
main_web_d512_L8_lr0.001644_s0_ds0_D400000000.safetensors: added ['wiki', 'c4', 'pg19']; max |diff| on recorded sets = 0.00e+00 (29s)
main_web_d512_L8_lr0.001644_s0_ds0_D50000000.safetensors: added ['wiki', 'c4', 'pg19']; max |diff| on recorded sets = 0.00e+00 (29s)
main_web_d640_L10_lr0.001345_s0_ds0_D100000000.safetensors: added ['wiki', 'c4', 'pg19']; max |diff| on recorded sets = 0.00e+00 (46s)
main_web_d640_L10_lr0.001345_s0_ds0_D25000000.safetensors: added ['wiki', 'c4', 'pg19']; max |diff| on recorded sets = 0.00e+00 (46s)
main_web_d640_L10_lr0.001345_s0_ds0_D50000000.safetensors: added ['wiki', 'c4', 'pg19']; max |diff| on recorded sets = 0.00e+00 (46s)
seeds_edu_d128_L2_lr0.005722_s1_ds1_D100000000.safetensors: added ['wiki', 'c4', 'pg19']; max |diff| on recorded sets = 0.00e+00 (6s)
seeds_edu_d128_L2_lr0.005722_s1_ds1_D200000000.safetensors: added ['wiki', 'c4', 'pg19']; max |diff| on recorded sets = 0.00e+00 (6s)
seeds_edu_d128_L2_lr0.005722_s1_ds1_D50000000.safetensors: added ['wiki', 'c4', 'pg19']; max |diff| on recorded sets = 0.00e+00 (6s)
seeds_edu_d128_L2_lr0.005722_s2_ds2_D100000000.safetensors: added ['wiki', 'c4', 'pg19']; max |diff| on recorded sets = 0.00e+00 (6s)
seeds_edu_d128_L2_lr0.005722_s2_ds2_D200000000.safetensors: added ['wiki', 'c4', 'pg19']; max |diff| on recorded sets = 0.00e+00 (6s)
seeds_edu_d128_L2_lr0.005722_s2_ds2_D50000000.safetensors: added ['wiki', 'c4', 'pg19']; max |diff| on recorded sets = 0.00e+00 (6s)
seeds_edu_d256_L4_lr0.003067_s1_ds1_D100000000.safetensors: added ['wiki', 'c4', 'pg19']; max |diff| on recorded sets = 0.00e+00 (10s)
seeds_edu_d256_L4_lr0.003067_s1_ds1_D200000000.safetensors: added ['wiki', 'c4', 'pg19']; max |diff| on recorded sets = 0.00e+00 (10s)
seeds_edu_d256_L4_lr0.003067_s1_ds1_D50000000.safetensors: added ['wiki', 'c4', 'pg19']; max |diff| on recorded sets = 0.00e+00 (10s)
seeds_edu_d256_L4_lr0.003067_s2_ds2_D100000000.safetensors: added ['wiki', 'c4', 'pg19']; max |diff| on recorded sets = 0.00e+00 (10s)
seeds_edu_d256_L4_lr0.003067_s2_ds2_D200000000.safetensors: added ['wiki', 'c4', 'pg19']; max |diff| on recorded sets = 0.00e+00 (10s)
seeds_edu_d256_L4_lr0.003067_s2_ds2_D50000000.safetensors: added ['wiki', 'c4', 'pg19']; max |diff| on recorded sets = 0.00e+00 (10s)
seeds_edu_d384_L6_lr0.00213_s1_ds1_D100000000.safetensors: added ['wiki', 'c4', 'pg19']; max |diff| on recorded sets = 0.00e+00 (18s)
seeds_edu_d384_L6_lr0.00213_s1_ds1_D200000000.safetensors: added ['wiki', 'c4', 'pg19']; max |diff| on recorded sets = 0.00e+00 (18s)
seeds_edu_d384_L6_lr0.00213_s1_ds1_D50000000.safetensors: added ['wiki', 'c4', 'pg19']; max |diff| on recorded sets = 0.00e+00 (18s)
seeds_edu_d384_L6_lr0.00213_s2_ds2_D100000000.safetensors: added ['wiki', 'c4', 'pg19']; max |diff| on recorded sets = 0.00e+00 (18s)
seeds_edu_d384_L6_lr0.00213_s2_ds2_D200000000.safetensors: added ['wiki', 'c4', 'pg19']; max |diff| on recorded sets = 0.00e+00 (18s)
seeds_edu_d384_L6_lr0.00213_s2_ds2_D50000000.safetensors: added ['wiki', 'c4', 'pg19']; max |diff| on recorded sets = 0.00e+00 (18s)
QUEUE D DONE Fri Sep 25 18:55:20 +03 2026
